3 28 104
3 34 6
5 3 101
5 5 6
6 7 104
9 3 6
